// Jest Snapshot v1, https://goo.gl/fbAQLP

exports[`should render app 1`] = `
<RCTSafeAreaView
  emulateUnlessSupported={true}
>
  <View
    style={
      Object {
        "marginTop": 100,
      }
    }
    testID="view"
  >
    <Text
      style={
        Object {
          "fontSize": 24,
          "fontWeight": "600",
          "margin": 20,
          "textAlign": "center",
        }
      }
      testID="title"
    >
      Title
    </Text>
    <Text
      style={
        Object {
          "fontSize": 18,
          "fontWeight": "400",
          "margin": 20,
          "textAlign": "center",
        }
      }
      testID="text"
    >
      Test App
    </Text>
    <View
      accessible={true}
      collapsable={false}
      focusable={true}
      onClick={[Function]}
      onResponderGrant={[Function]}
      onResponderMove={[Function]}
      onResponderRelease={[Function]}
      onResponderTerminate={[Function]}
      onResponderTerminationRequest={[Function]}
      onStartShouldSetResponder={[Function]}
      style={
        Object {
          "backgroundColor": "red",
          "opacity": 1,
          "padding": 40,
        }
      }
      testID="pressable"
    >
      <Text
        style={
          Object {
            "fontSize": 18,
            "fontWeight": "400",
            "margin": 20,
            "textAlign": "center",
          }
        }
      >
         Click Me
      </Text>
    </View>
  </View>
</RCTSafeAreaView>
`;
